Component: ARM Compiler 5.05 update 1 (build 106) Tool: armlink [4d0efa]

==============================================================================

Section Cross References

    main.o(i.doNothingHandler) refers to uart.o(i.UARTSend) for UARTSend
    main.o(i.main) refers to uart.o(i.UARTInit) for UARTInit
    main.o(i.main) refers to motordriver.o(i.initMotorDrivers) for initMotorDrivers
    main.o(i.main) refers to message_queue.o(i.message_queue_has_next) for message_queue_has_next
    main.o(i.main) refers to message_queue.o(i.message_queue_pop) for message_queue_pop
    main.o(i.main) refers to malloc.o(i.free) for free
    main.o(i.simulateMessageReceive) refers to malloc.o(i.malloc) for malloc
    main.o(i.simulateMessageReceive) refers to message_queue.o(i.message_queue_push) for message_queue_push
    main.o(i.simulateMessageReceive) refers to main.o(.data) for message_handlers
    main.o(.data) refers to main.o(i.doNothingHandler) for doNothingHandler
    main.o(.data) refers to motordriver.o(i.updateMotionVectorHandler) for updateMotionVectorHandler
    message_handler.o(i.UART_IRQHandler) refers to malloc.o(i.malloc) for malloc
    message_handler.o(i.UART_IRQHandler) refers to message_queue.o(i.message_queue_push) for message_queue_push
    message_handler.o(i.UART_IRQHandler) refers to message_handler.o(.data) for currentHandler
    message_handler.o(i.UART_IRQHandler) refers to main.o(.data) for message_handlers
    message_queue.o(i.message_queue_has_next) refers to message_queue.o(.bss) for message_queue_list
    message_queue.o(i.message_queue_pop) refers to message_queue.o(.bss) for message_queue_list
    message_queue.o(i.message_queue_push) refers to malloc.o(i.malloc) for malloc
    message_queue.o(i.message_queue_push) refers to message_queue.o(.bss) for message_queue_list
    message_queue.o(i.message_queue_size) refers to message_queue.o(.bss) for message_queue_list
    motordriver.o(i.initMotorDrivers) refers to timers.o(i.initMotorTimers) for initMotorTimers
    motordriver.o(i.initMotorDrivers) refers to motordriver.o(.data) for motorDrivers
    motordriver.o(i.motorDriverPWMCycle) refers to idiv.o(.text) for __aeabi_idivmod
    motordriver.o(i.motorDriverPWMCycle) refers to uidiv.o(.text) for __aeabi_uidivmod
    motordriver.o(i.motorDriverPWMCycle) refers to motordriver.o(.data) for motorDrivers
    motordriver.o(i.updateMotionVectorHandler) refers to motordriver.o(.data) for motorDrivers
    timers.o(i.TIMER32_0_IRQHandler) refers to motordriver.o(i.motorDriverPWMCycle) for motorDriverPWMCycle
    timers.o(i.TIMER32_0_IRQHandler) refers to timers.o(.data) for timerLoopCount
    uart.o(i.UARTInit) refers to uart.o(.data) for UARTTxEmpty
    startup_lpc11uxx.o(RESET) refers to startup_lpc11uxx.o(STACK) for __initial_sp
    startup_lpc11uxx.o(RESET) refers to startup_lpc11uxx.o(.text) for Reset_Handler
    startup_lpc11uxx.o(RESET) refers to timers.o(i.TIMER32_0_IRQHandler) for TIMER32_0_IRQHandler
    startup_lpc11uxx.o(RESET) refers to message_handler.o(i.UART_IRQHandler) for UART_IRQHandler
    startup_lpc11uxx.o(.text) refers to system_lpc11uxx.o(i.SystemInit) for SystemInit
    startup_lpc11uxx.o(.text) refers to entry.o(.ARM.Collect$$$$00000000) for __main
    system_lpc11uxx.o(i.SystemCoreClockUpdate) refers to system_lpc11uxx.o(i.__ARM_common_switch8) for __ARM_common_switch8
    system_lpc11uxx.o(i.SystemCoreClockUpdate) refers to uidiv.o(.text) for __aeabi_uidivmod
    system_lpc11uxx.o(i.SystemCoreClockUpdate) refers to system_lpc11uxx.o(.data) for SystemCoreClock
    entry.o(.ARM.Collect$$$$00000000) refers (Special) to entry10a.o(.ARM.Collect$$$$0000000D) for __rt_final_cpp
    entry.o(.ARM.Collect$$$$00000000) refers (Special) to entry11a.o(.ARM.Collect$$$$0000000F) for __rt_final_exit
    entry.o(.ARM.Collect$$$$00000000) refers (Special) to entry7b.o(.ARM.Collect$$$$00000008) for _main_clock
    entry.o(.ARM.Collect$$$$00000000) refers (Special) to entry8b.o(.ARM.Collect$$$$0000000A) for _main_cpp_init
    entry.o(.ARM.Collect$$$$00000000) refers (Special) to entry9a.o(.ARM.Collect$$$$0000000B) for _main_init
    entry.o(.ARM.Collect$$$$00000000) refers (Special) to entry5.o(.ARM.Collect$$$$00000004) for _main_scatterload
    entry.o(.ARM.Collect$$$$00000000) refers (Special) to entry2.o(.ARM.Collect$$$$00000001) for _main_stk
    idiv.o(.text) refers to uidiv.o(.text) for __aeabi_uidivmod
    malloc.o(i.free) refers to mvars.o(.data) for __microlib_freelist
    malloc.o(i.malloc) refers to mvars.o(.data) for __microlib_freelist_initialised
    malloc.o(i.malloc) refers to mvars.o(.data) for __microlib_freelist
    malloc.o(i.malloc) refers to startup_lpc11uxx.o(HEAP) for __heap_base
    mallocr.o(i.__free$realloc) refers to mvars.o(.data) for __microlib_freelist
    mallocr.o(i.__malloc$realloc) refers to mallocr.o(i.internal_alloc) for internal_alloc
    mallocr.o(i.__malloc$realloc) refers to mvars.o(.data) for __microlib_freelist_initialised
    mallocr.o(i.__malloc$realloc) refers to startup_lpc11uxx.o(HEAP) for __heap_base
    mallocr.o(i.__malloc$realloc) refers to mvars.o(.data) for __microlib_freelist
    mallocr.o(i.internal_alloc) refers to memcpya.o(.text) for __aeabi_memcpy
    mallocr.o(i.internal_alloc) refers to mvars.o(.data) for __microlib_freelist
    mallocr.o(i.realloc) refers to mallocr.o(i.__free$realloc) for __free$realloc
    mallocr.o(i.realloc) refers to mallocr.o(i.internal_alloc) for internal_alloc
    mallocr.o(i.realloc) refers to mallocr.o(i.__malloc$realloc) for __malloc$realloc
    mallocr.o(i.realloc) refers to mvars.o(.data) for __microlib_freelist
    malloca.o(i.__aligned_malloc) refers to mvars.o(.data) for __microlib_freelist
    malloca.o(i.__aligned_malloc) refers to mvars.o(.data) for __microlib_freelist_initialised
    malloca.o(i.__aligned_malloc) refers to startup_lpc11uxx.o(HEAP) for __heap_base
    malloca.o(i.__free$memalign) refers to mvars.o(.data) for __microlib_freelist
    malloca.o(i.__malloc$memalign) refers to malloca.o(i.__aligned_malloc) for __aligned_malloc
    mallocra.o(i.__aligned_malloc$realloc) refers to mallocra.o(i.internal_alloc) for internal_alloc
    mallocra.o(i.__aligned_malloc$realloc) refers to startup_lpc11uxx.o(HEAP) for __heap_base
    mallocra.o(i.__aligned_malloc$realloc) refers to mvars.o(.data) for __microlib_freelist
    mallocra.o(i.__aligned_malloc$realloc) refers to mvars.o(.data) for __microlib_freelist_initialised
    mallocra.o(i.__free$realloc$memalign) refers to mvars.o(.data) for __microlib_freelist
    mallocra.o(i.__malloc$realloc$memalign) refers to mallocra.o(i.__aligned_malloc$realloc) for __aligned_malloc$realloc
    mallocra.o(i.__realloc$memalign) refers to mallocra.o(i.__free$realloc$memalign) for __free$realloc$memalign
    mallocra.o(i.__realloc$memalign) refers to mallocra.o(i.internal_alloc) for internal_alloc
    mallocra.o(i.__realloc$memalign) refers to mallocra.o(i.__malloc$realloc$memalign) for __malloc$realloc$memalign
    mallocra.o(i.__realloc$memalign) refers to mvars.o(.data) for __microlib_freelist
    mallocra.o(i.internal_alloc) refers to memcpya.o(.text) for __aeabi_memcpy
    mallocra.o(i.internal_alloc) refers to mvars.o(.data) for __microlib_freelist
    entry2.o(.ARM.Collect$$$$00000001) refers to entry2.o(.ARM.Collect$$$$00002712) for __lit__00000000
    entry2.o(.ARM.Collect$$$$00002712) refers to startup_lpc11uxx.o(STACK) for __initial_sp
    entry2.o(__vectab_stack_and_reset_area) refers to startup_lpc11uxx.o(STACK) for __initial_sp
    entry2.o(__vectab_stack_and_reset_area) refers to entry.o(.ARM.Collect$$$$00000000) for __main
    entry5.o(.ARM.Collect$$$$00000004) refers to init.o(.text) for __scatterload
    entry9a.o(.ARM.Collect$$$$0000000B) refers to main.o(i.main) for main
    entry9b.o(.ARM.Collect$$$$0000000C) refers to main.o(i.main) for main
    init.o(.text) refers to entry5.o(.ARM.Collect$$$$00000004) for __main_after_scatterload


==============================================================================

Removing Unused input sections from the image.

    Removing main.o(.rev16_text), (4 bytes).
    Removing main.o(.revsh_text), (4 bytes).
    Removing main.o(i.simulateMessageReceive), (44 bytes).
    Removing message_handler.o(.rev16_text), (4 bytes).
    Removing message_handler.o(.revsh_text), (4 bytes).
    Removing message_queue.o(i.message_queue_size), (12 bytes).
    Removing motordriver.o(.rev16_text), (4 bytes).
    Removing motordriver.o(.revsh_text), (4 bytes).
    Removing timers.o(.rev16_text), (4 bytes).
    Removing timers.o(.revsh_text), (4 bytes).
    Removing uart.o(.rev16_text), (4 bytes).
    Removing uart.o(.revsh_text), (4 bytes).
    Removing uart.o(i.ModemInit), (2 bytes).
    Removing uart.o(.bss), (64 bytes).
    Removing system_lpc11uxx.o(.rev16_text), (4 bytes).
    Removing system_lpc11uxx.o(.revsh_text), (4 bytes).
    Removing system_lpc11uxx.o(i.SystemCoreClockUpdate), (440 bytes).
    Removing system_lpc11uxx.o(.data), (4 bytes).
    Removing system_lpc11uxx.o(i.__ARM_common_switch8), (28 bytes).

19 unused section(s) (total 642 bytes) removed from the image.

==============================================================================

Image Symbol Table

    Local Symbols

    Symbol Name                              Value     Ov Type        Size  Object(Section)

    RESET                                    0x00000000   Section      192  startup_lpc11uxx.o(RESET)
    ../clib/microlib/division.c              0x00000000   Number         0  idiv.o ABSOLUTE
    ../clib/microlib/division.c              0x00000000   Number         0  uidiv.o ABSOLUTE
    ../clib/microlib/init/entry.s            0x00000000   Number         0  entry10b.o ABSOLUTE
    ../clib/microlib/init/entry.s            0x00000000   Number         0  entry10a.o ABSOLUTE
    ../clib/microlib/init/entry.s            0x00000000   Number         0  entry9b.o ABSOLUTE
    ../clib/microlib/init/entry.s            0x00000000   Number         0  entry.o ABSOLUTE
    ../clib/microlib/init/entry.s            0x00000000   Number         0  entry9a.o ABSOLUTE
    ../clib/microlib/init/entry.s            0x00000000   Number         0  entry8b.o ABSOLUTE
    ../clib/microlib/init/entry.s            0x00000000   Number         0  entry8a.o ABSOLUTE
    ../clib/microlib/init/entry.s            0x00000000   Number         0  entry7b.o ABSOLUTE
    ../clib/microlib/init/entry.s            0x00000000   Number         0  entry7a.o ABSOLUTE
    ../clib/microlib/init/entry.s            0x00000000   Number         0  entry5.o ABSOLUTE
    ../clib/microlib/init/entry.s            0x00000000   Number         0  entry11b.o ABSOLUTE
    ../clib/microlib/init/entry.s            0x00000000   Number         0  entry2.o ABSOLUTE
    ../clib/microlib/init/entry.s            0x00000000   Number         0  entry11a.o ABSOLUTE
    ../clib/microlib/malloc/malloc.c         0x00000000   Number         0  mallocra.o ABSOLUTE
    ../clib/microlib/malloc/malloc.c         0x00000000   Number         0  malloca.o ABSOLUTE
    ../clib/microlib/malloc/malloc.c         0x00000000   Number         0  malloc.o ABSOLUTE
    ../clib/microlib/malloc/malloc.c         0x00000000   Number         0  mallocr.o ABSOLUTE
    ../clib/microlib/malloc/mvars.c          0x00000000   Number         0  mvars.o ABSOLUTE
    ../clib/microlib/string/memcpy.c         0x00000000   Number         0  memcpyb.o ABSOLUTE
    ../clib/microlib/string/memcpy.c         0x00000000   Number         0  memcpya.o ABSOLUTE
    MotorDriver.c                            0x00000000   Number         0  motordriver.o ABSOLUTE
    MotorDriver.c                            0x00000000   Number         0  motordriver.o ABSOLUTE
    RTE\Device\LPC11U24FBD64_401\startup_LPC11Uxx.s 0x00000000   Number         0  startup_lpc11uxx.o ABSOLUTE
    RTE\Device\LPC11U24FBD64_401\system_LPC11Uxx.c 0x00000000   Number         0  system_lpc11uxx.o ABSOLUTE
    RTE\\Device\\LPC11U24FBD64_401\\system_LPC11Uxx.c 0x00000000   Number         0  system_lpc11uxx.o ABSOLUTE
    dc.s                                     0x00000000   Number         0  dc.o ABSOLUTE
    handlers.s                               0x00000000   Number         0  handlers.o ABSOLUTE
    init.s                                   0x00000000   Number         0  init.o ABSOLUTE
    main.c                                   0x00000000   Number         0  main.o ABSOLUTE
    main.c                                   0x00000000   Number         0  main.o ABSOLUTE
    message_handler.c                        0x00000000   Number         0  message_handler.o ABSOLUTE
    message_handler.c                        0x00000000   Number         0  message_handler.o ABSOLUTE
    message_queue.c                          0x00000000   Number         0  message_queue.o ABSOLUTE
    timers.c                                 0x00000000   Number         0  timers.o ABSOLUTE
    timers.c                                 0x00000000   Number         0  timers.o ABSOLUTE
    uart.c                                   0x00000000   Number         0  uart.o ABSOLUTE
    uart.c                                   0x00000000   Number         0  uart.o ABSOLUTE
    .ARM.Collect$$$$00000000                 0x000000c0   Section        0  entry.o(.ARM.Collect$$$$00000000)
    .ARM.Collect$$$$00000001                 0x000000c0   Section        4  entry2.o(.ARM.Collect$$$$00000001)
    .ARM.Collect$$$$00000004                 0x000000c4   Section        4  entry5.o(.ARM.Collect$$$$00000004)
    .ARM.Collect$$$$00000008                 0x000000c8   Section        0  entry7b.o(.ARM.Collect$$$$00000008)
    .ARM.Collect$$$$0000000A                 0x000000c8   Section        0  entry8b.o(.ARM.Collect$$$$0000000A)
    .ARM.Collect$$$$0000000B                 0x000000c8   Section        8  entry9a.o(.ARM.Collect$$$$0000000B)
    .ARM.Collect$$$$0000000D                 0x000000d0   Section        0  entry10a.o(.ARM.Collect$$$$0000000D)
    .ARM.Collect$$$$0000000F                 0x000000d0   Section        0  entry11a.o(.ARM.Collect$$$$0000000F)
    .ARM.Collect$$$$00002712                 0x000000d0   Section        4  entry2.o(.ARM.Collect$$$$00002712)
    __lit__00000000                          0x000000d0   Data           4  entry2.o(.ARM.Collect$$$$00002712)
    .text                                    0x000000d4   Section       32  startup_lpc11uxx.o(.text)
    .text                                    0x000000f4   Section        0  uidiv.o(.text)
    .text                                    0x00000120   Section        0  idiv.o(.text)
    .text                                    0x00000148   Section       36  init.o(.text)
    i.SystemInit                             0x0000016c   Section        0  system_lpc11uxx.o(i.SystemInit)
    i.TIMER32_0_IRQHandler                   0x00000238   Section        0  timers.o(i.TIMER32_0_IRQHandler)
    i.UARTSend                               0x0000027c   Section        0  uart.o(i.UARTSend)
    i.__scatterload_copy                     0x000002a0   Section       14  handlers.o(i.__scatterload_copy)
    i.__scatterload_null                     0x000002ae   Section        2  handlers.o(i.__scatterload_null)
    i.__scatterload_zeroinit                 0x000002b0   Section       14  handlers.o(i.__scatterload_zeroinit)
    i.doNothingHandler                       0x000002c0   Section        0  main.o(i.doNothingHandler)
    i.message_queue_has_next                 0x000002e8   Section        0  message_queue.o(i.message_queue_has_next)
    .ARM.__at_0x02FC                         0x000002fc   Section        4  startup_lpc11uxx.o(.ARM.__at_0x02FC)
    i.UARTInit                               0x00000300   Section        0  uart.o(i.UARTInit)
    i.UART_IRQHandler                        0x000003e4   Section        0  message_handler.o(i.UART_IRQHandler)
    i.free                                   0x00000484   Section        0  malloc.o(i.free)
    i.initMotorDrivers                       0x000004d8   Section        0  motordriver.o(i.initMotorDrivers)
    i.initMotorTimers                        0x00000624   Section        0  timers.o(i.initMotorTimers)
    i.main                                   0x00000674   Section        0  main.o(i.main)
    i.malloc                                 0x000006a8   Section        0  malloc.o(i.malloc)
    i.message_queue_pop                      0x00000714   Section        0  message_queue.o(i.message_queue_pop)
    i.message_queue_push                     0x0000072c   Section        0  message_queue.o(i.message_queue_push)
    i.motorDriverPWMCycle                    0x00000768   Section        0  motordriver.o(i.motorDriverPWMCycle)
    i.updateMotionVectorHandler              0x00000914   Section        0  motordriver.o(i.updateMotionVectorHandler)
    .data                                    0x10000000   Section       32  main.o(.data)
    .data                                    0x10000020   Section       12  message_handler.o(.data)
    message_index                            0x10000020   Data           1  message_handler.o(.data)
    message                                  0x10000024   Data           4  message_handler.o(.data)
    currentHandler                           0x10000028   Data           4  message_handler.o(.data)
    .data                                    0x1000002c   Section       36  motordriver.o(.data)
    motorDrivers                             0x1000002c   Data          30  motordriver.o(.data)
    currentPWMCycle                          0x1000004c   Data           4  motordriver.o(.data)
    .data                                    0x10000050   Section        8  timers.o(.data)
    .data                                    0x10000058   Section       12  uart.o(.data)
    .data                                    0x10000064   Section        4  mvars.o(.data)
    .data                                    0x10000068   Section        4  mvars.o(.data)
    .bss                                     0x1000006c   Section       12  message_queue.o(.bss)
    message_queue_list                       0x1000006c   Data          12  message_queue.o(.bss)
    HEAP                                     0x10000078   Section        0  startup_lpc11uxx.o(HEAP)
    STACK                                    0x10000078   Section      512  startup_lpc11uxx.o(STACK)

    Global Symbols

    Symbol Name                              Value     Ov Type        Size  Object(Section)

    BuildAttributes$$THM_ISAv3M$S$PE$A:L22$X:L11$S22$IEEE1$IW$USESV6$~STKCKD$USESV7$~SHL$OSPACE$EBA8$MICROLIB$REQ8$PRES8$EABIv2 0x00000000   Number         0  anon$$obj.o ABSOLUTE
    __ARM_use_no_argv                        0x00000000   Number         0  main.o ABSOLUTE
    __Vectors                                0x00000000   Data           4  startup_lpc11uxx.o(RESET)
    __cpp_initialize__aeabi_                  - Undefined Weak Reference
    __cxa_finalize                            - Undefined Weak Reference
    __decompress                              - Undefined Weak Reference
    _clock_init                               - Undefined Weak Reference
    _microlib_exit                            - Undefined Weak Reference
    __main                                   0x000000c1   Thumb Code     0  entry.o(.ARM.Collect$$$$00000000)
    _main_stk                                0x000000c1   Thumb Code     0  entry2.o(.ARM.Collect$$$$00000001)
    _main_scatterload                        0x000000c5   Thumb Code     0  entry5.o(.ARM.Collect$$$$00000004)
    __main_after_scatterload                 0x000000c9   Thumb Code     0  entry5.o(.ARM.Collect$$$$00000004)
    _main_clock                              0x000000c9   Thumb Code     0  entry7b.o(.ARM.Collect$$$$00000008)
    _main_cpp_init                           0x000000c9   Thumb Code     0  entry8b.o(.ARM.Collect$$$$0000000A)
    _main_init                               0x000000c9   Thumb Code     0  entry9a.o(.ARM.Collect$$$$0000000B)
    __rt_final_cpp                           0x000000d1   Thumb Code     0  entry10a.o(.ARM.Collect$$$$0000000D)
    __rt_final_exit                          0x000000d1   Thumb Code     0  entry11a.o(.ARM.Collect$$$$0000000F)
    Reset_Handler                            0x000000d5   Thumb Code     8  startup_lpc11uxx.o(.text)
    NMI_Handler                              0x000000dd   Thumb Code     2  startup_lpc11uxx.o(.text)
    HardFault_Handler                        0x000000df   Thumb Code     2  startup_lpc11uxx.o(.text)
    SVC_Handler                              0x000000e1   Thumb Code     2  startup_lpc11uxx.o(.text)
    PendSV_Handler                           0x000000e3   Thumb Code     2  startup_lpc11uxx.o(.text)
    SysTick_Handler                          0x000000e5   Thumb Code     2  startup_lpc11uxx.o(.text)
    Reserved_IRQHandler                      0x000000e7   Thumb Code     2  startup_lpc11uxx.o(.text)
    ADC_IRQHandler                           0x000000e9   Thumb Code     0  startup_lpc11uxx.o(.text)
    BOD_IRQHandler                           0x000000e9   Thumb Code     0  startup_lpc11uxx.o(.text)
    FLEX_INT0_IRQHandler                     0x000000e9   Thumb Code     0  startup_lpc11uxx.o(.text)
    FLEX_INT1_IRQHandler                     0x000000e9   Thumb Code     0  startup_lpc11uxx.o(.text)
    FLEX_INT2_IRQHandler                     0x000000e9   Thumb Code     0  startup_lpc11uxx.o(.text)
    FLEX_INT3_IRQHandler                     0x000000e9   Thumb Code     0  startup_lpc11uxx.o(.text)
    FLEX_INT4_IRQHandler                     0x000000e9   Thumb Code     0  startup_lpc11uxx.o(.text)
    FLEX_INT5_IRQHandler                     0x000000e9   Thumb Code     0  startup_lpc11uxx.o(.text)
    FLEX_INT6_IRQHandler                     0x000000e9   Thumb Code     0  startup_lpc11uxx.o(.text)
    FLEX_INT7_IRQHandler                     0x000000e9   Thumb Code     0  startup_lpc11uxx.o(.text)
    FMC_IRQHandler                           0x000000e9   Thumb Code     0  startup_lpc11uxx.o(.text)
    GINT0_IRQHandler                         0x000000e9   Thumb Code     0  startup_lpc11uxx.o(.text)
    GINT1_IRQHandler                         0x000000e9   Thumb Code     0  startup_lpc11uxx.o(.text)
    I2C_IRQHandler                           0x000000e9   Thumb Code     0  startup_lpc11uxx.o(.text)
    IOH_IRQHandler                           0x000000e9   Thumb Code     0  startup_lpc11uxx.o(.text)
    SSP0_IRQHandler                          0x000000e9   Thumb Code     0  startup_lpc11uxx.o(.text)
    SSP1_IRQHandler                          0x000000e9   Thumb Code     0  startup_lpc11uxx.o(.text)
    TIMER16_0_IRQHandler                     0x000000e9   Thumb Code     0  startup_lpc11uxx.o(.text)
    TIMER16_1_IRQHandler                     0x000000e9   Thumb Code     0  startup_lpc11uxx.o(.text)
    TIMER32_1_IRQHandler                     0x000000e9   Thumb Code     0  startup_lpc11uxx.o(.text)
    USBWakeup_IRQHandler                     0x000000e9   Thumb Code     0  startup_lpc11uxx.o(.text)
    USB_FIQHandler                           0x000000e9   Thumb Code     0  startup_lpc11uxx.o(.text)
    USB_IRQHandler                           0x000000e9   Thumb Code     0  startup_lpc11uxx.o(.text)
    WDT_IRQHandler                           0x000000e9   Thumb Code     0  startup_lpc11uxx.o(.text)
    __aeabi_uidiv                            0x000000f5   Thumb Code     0  uidiv.o(.text)
    __aeabi_uidivmod                         0x000000f5   Thumb Code    44  uidiv.o(.text)
    __aeabi_idiv                             0x00000121   Thumb Code     0  idiv.o(.text)
    __aeabi_idivmod                          0x00000121   Thumb Code    40  idiv.o(.text)
    __scatterload                            0x00000149   Thumb Code    28  init.o(.text)
    __scatterload_rt2                        0x00000149   Thumb Code     0  init.o(.text)
    SystemInit                               0x0000016d   Thumb Code   194  system_lpc11uxx.o(i.SystemInit)
    TIMER32_0_IRQHandler                     0x00000239   Thumb Code    54  timers.o(i.TIMER32_0_IRQHandler)
    UARTSend                                 0x0000027d   Thumb Code    32  uart.o(i.UARTSend)
    __scatterload_copy                       0x000002a1   Thumb Code    14  handlers.o(i.__scatterload_copy)
    __scatterload_null                       0x000002af   Thumb Code     2  handlers.o(i.__scatterload_null)
    __scatterload_zeroinit                   0x000002b1   Thumb Code    14  handlers.o(i.__scatterload_zeroinit)
    doNothingHandler                         0x000002c1   Thumb Code    24  main.o(i.doNothingHandler)
    message_queue_has_next                   0x000002e9   Thumb Code    16  message_queue.o(i.message_queue_has_next)
    UARTInit                                 0x00000301   Thumb Code   200  uart.o(i.UARTInit)
    UART_IRQHandler                          0x000003e5   Thumb Code   138  message_handler.o(i.UART_IRQHandler)
    free                                     0x00000485   Thumb Code    80  malloc.o(i.free)
    initMotorDrivers                         0x000004d9   Thumb Code   322  motordriver.o(i.initMotorDrivers)
    initMotorTimers                          0x00000625   Thumb Code    62  timers.o(i.initMotorTimers)
    main                                     0x00000675   Thumb Code    50  main.o(i.main)
    malloc                                   0x000006a9   Thumb Code    92  malloc.o(i.malloc)
    message_queue_pop                        0x00000715   Thumb Code    20  message_queue.o(i.message_queue_pop)
    message_queue_push                       0x0000072d   Thumb Code    56  message_queue.o(i.message_queue_push)
    motorDriverPWMCycle                      0x00000769   Thumb Code   416  motordriver.o(i.motorDriverPWMCycle)
    updateMotionVectorHandler                0x00000915   Thumb Code    46  motordriver.o(i.updateMotionVectorHandler)
    Region$$Table$$Base                      0x00000948   Number         0  anon$$obj.o(Region$$Table)
    Region$$Table$$Limit                     0x00000968   Number         0  anon$$obj.o(Region$$Table)
    message_handlers                         0x10000000   Data          32  main.o(.data)
    timerLoopCount                           0x10000050   Data           4  timers.o(.data)
    badCount                                 0x10000054   Data           4  timers.o(.data)
    UARTStatus                               0x10000058   Data           4  uart.o(.data)
    UARTTxEmpty                              0x1000005c   Data           1  uart.o(.data)
    UARTCount                                0x10000060   Data           4  uart.o(.data)
    __microlib_freelist                      0x10000064   Data           4  mvars.o(.data)
    __microlib_freelist_initialised          0x10000068   Data           4  mvars.o(.data)
    __heap_base                              0x10000078   Data           0  startup_lpc11uxx.o(HEAP)
    __heap_limit                             0x10000078   Data           0  startup_lpc11uxx.o(HEAP)
    __initial_sp                             0x10000278   Data           0  startup_lpc11uxx.o(STACK)



==============================================================================

Memory Map of the image

  Image Entry point : 0x000000c1

  Load Region LR_IROM1 (Base: 0x00000000, Size: 0x000009d4, Max: 0x00008000, ABSOLUTE)

    Execution Region ER_IROM1 (Base: 0x00000000, Size: 0x00000968, Max: 0x00008000, ABSOLUTE)

    Base Addr    Size         Type   Attr      Idx    E Section Name        Object

    0x00000000   0x000000c0   Data   RO          272    RESET               startup_lpc11uxx.o
    0x000000c0   0x00000000   Code   RO          314  * .ARM.Collect$$$$00000000  mc_p.l(entry.o)
    0x000000c0   0x00000004   Code   RO          349    .ARM.Collect$$$$00000001  mc_p.l(entry2.o)
    0x000000c4   0x00000004   Code   RO          352    .ARM.Collect$$$$00000004  mc_p.l(entry5.o)
    0x000000c8   0x00000000   Code   RO          354    .ARM.Collect$$$$00000008  mc_p.l(entry7b.o)
    0x000000c8   0x00000000   Code   RO          356    .ARM.Collect$$$$0000000A  mc_p.l(entry8b.o)
    0x000000c8   0x00000008   Code   RO          357    .ARM.Collect$$$$0000000B  mc_p.l(entry9a.o)
    0x000000d0   0x00000000   Code   RO          359    .ARM.Collect$$$$0000000D  mc_p.l(entry10a.o)
    0x000000d0   0x00000000   Code   RO          361    .ARM.Collect$$$$0000000F  mc_p.l(entry11a.o)
    0x000000d0   0x00000004   Code   RO          350    .ARM.Collect$$$$00002712  mc_p.l(entry2.o)
    0x000000d4   0x00000020   Code   RO          274    .text               startup_lpc11uxx.o
    0x000000f4   0x0000002c   Code   RO          317    .text               mc_p.l(uidiv.o)
    0x00000120   0x00000028   Code   RO          319    .text               mc_p.l(idiv.o)
    0x00000148   0x00000024   Code   RO          369    .text               mc_p.l(init.o)
    0x0000016c   0x000000cc   Code   RO          283    i.SystemInit        system_lpc11uxx.o
    0x00000238   0x00000044   Code   RO          201    i.TIMER32_0_IRQHandler  timers.o
    0x0000027c   0x00000024   Code   RO          235    i.UARTSend          uart.o
    0x000002a0   0x0000000e   Code   RO          373    i.__scatterload_copy  mc_p.l(handlers.o)
    0x000002ae   0x00000002   Code   RO          374    i.__scatterload_null  mc_p.l(handlers.o)
    0x000002b0   0x0000000e   Code   RO          375    i.__scatterload_zeroinit  mc_p.l(handlers.o)
    0x000002be   0x00000002   PAD
    0x000002c0   0x00000028   Code   RO            3    i.doNothingHandler  main.o
    0x000002e8   0x00000014   Code   RO          120    i.message_queue_has_next  message_queue.o
    0x000002fc   0x00000004   Code   RO          273    .ARM.__at_0x02FC    startup_lpc11uxx.o
    0x00000300   0x000000e4   Code   RO          234    i.UARTInit          uart.o
    0x000003e4   0x000000a0   Code   RO           91    i.UART_IRQHandler   message_handler.o
    0x00000484   0x00000054   Code   RO          321    i.free              mc_p.l(malloc.o)
    0x000004d8   0x0000014c   Code   RO          157    i.initMotorDrivers  motordriver.o
    0x00000624   0x00000050   Code   RO          202    i.initMotorTimers   timers.o
    0x00000674   0x00000032   Code   RO            4    i.main              main.o
    0x000006a6   0x00000002   PAD
    0x000006a8   0x0000006c   Code   RO          322    i.malloc            mc_p.l(malloc.o)
    0x00000714   0x00000018   Code   RO          121    i.message_queue_pop  message_queue.o
    0x0000072c   0x0000003c   Code   RO          122    i.message_queue_push  message_queue.o
    0x00000768   0x000001ac   Code   RO          158    i.motorDriverPWMCycle  motordriver.o
    0x00000914   0x00000034   Code   RO          159    i.updateMotionVectorHandler  motordriver.o
    0x00000948   0x00000020   Data   RO          371    Region$$Table       anon$$obj.o


    Execution Region RW_IRAM1 (Base: 0x10000000, Size: 0x00000278, Max: 0x00002000, ABSOLUTE)

    Base Addr    Size         Type   Attr      Idx    E Section Name        Object

    0x10000000   0x00000020   Data   RW            6    .data               main.o
    0x10000020   0x0000000c   Data   RW           92    .data               message_handler.o
    0x1000002c   0x00000024   Data   RW          160    .data               motordriver.o
    0x10000050   0x00000008   Data   RW          203    .data               timers.o
    0x10000058   0x0000000c   Data   RW          237    .data               uart.o
    0x10000064   0x00000004   Data   RW          367    .data               mc_p.l(mvars.o)
    0x10000068   0x00000004   Data   RW          368    .data               mc_p.l(mvars.o)
    0x1000006c   0x0000000c   Zero   RW          124    .bss                message_queue.o
    0x10000078   0x00000000   Zero   RW          271    HEAP                startup_lpc11uxx.o
    0x10000078   0x00000200   Zero   RW          270    STACK               startup_lpc11uxx.o


==============================================================================

Image component sizes


      Code (inc. data)   RO Data    RW Data    ZI Data      Debug   Object Name

        90         16          0         32          0      15281   main.o
       160         22          0         12          0       1573   message_handler.o
       104         12          0          0         12       2434   message_queue.o
       812         28          0         36          0       3036   motordriver.o
        36         14        192          0        512        892   startup_lpc11uxx.o
       204         10          0          0          0       1949   system_lpc11uxx.o
       148         32          0          8          0       6919   timers.o
       264         32          0         12          0       7544   uart.o

    ----------------------------------------------------------------------
      1820        166        224        100        524      39628   Object Totals
         0          0         32          0          0          0   (incl. Generated)
         2          0          0          0          0          0   (incl. Padding)

    ----------------------------------------------------------------------

      Code (inc. data)   RO Data    RW Data    ZI Data      Debug   Library Member Name

         0          0          0          0          0          0   entry.o
         0          0          0          0          0          0   entry10a.o
         0          0          0          0          0          0   entry11a.o
         8          4          0          0          0          0   entry2.o
         4          0          0          0          0          0   entry5.o
         0          0          0          0          0          0   entry7b.o
         0          0          0          0          0          0   entry8b.o
         8          4          0          0          0          0   entry9a.o
        30          0          0          0          0          0   handlers.o
        40          0          0          0          0         72   idiv.o
        36          8          0          0          0         68   init.o
       192         20          0          0          0        144   malloc.o
         0          0          0          8          0          0   mvars.o
        44          0          0          0          0         72   uidiv.o

    ----------------------------------------------------------------------
       364         36          0          8          0        356   Library Totals
         2          0          0          0          0          0   (incl. Padding)

    ----------------------------------------------------------------------

      Code (inc. data)   RO Data    RW Data    ZI Data      Debug   Library Name

       362         36          0          8          0        356   mc_p.l

    ----------------------------------------------------------------------
       364         36          0          8          0        356   Library Totals

    ----------------------------------------------------------------------

==============================================================================


      Code (inc. data)   RO Data    RW Data    ZI Data      Debug   

      2184        202        224        108        524      39564   Grand Totals
      2184        202        224        108        524      39564   ELF Image Totals
      2184        202        224        108          0          0   ROM Totals

==============================================================================

    Total RO  Size (Code + RO Data)                 2408 (   2.35kB)
    Total RW  Size (RW Data + ZI Data)               632 (   0.62kB)
    Total ROM Size (Code + RO Data + RW Data)       2516 (   2.46kB)

==============================================================================

