Archive member included because of file (symbol)

/Users/vartan/LPCXpresso/workspace/CMSISv2p00_LPC11Uxx/Debug/libCMSISv2p00_LPC11Uxx.a(system_LPC11Uxx.o)
                              ./cr_startup_lpc11u.o (SystemInit)
/Applications/lpcxpresso_7.6.2_326/lpcxpresso/tools/bin/../lib/gcc/arm-none-eabi/4.9.3/../../../../arm-none-eabi/lib/armv6-m/libcr_c.a(__weak__main.o)
                              ./cr_startup_lpc11u.o (__main)
/Applications/lpcxpresso_7.6.2_326/lpcxpresso/tools/bin/../lib/gcc/arm-none-eabi/4.9.3/armv6-m/libcr_eabihelpers.a(division_32.o)
                              /Users/vartan/LPCXpresso/workspace/CMSISv2p00_LPC11Uxx/Debug/libCMSISv2p00_LPC11Uxx.a(system_LPC11Uxx.o) (__aeabi_uidiv)
/Applications/lpcxpresso_7.6.2_326/lpcxpresso/tools/bin/../lib/gcc/arm-none-eabi/4.9.3/armv6-m/libcr_eabihelpers.a(division_idiv0.o)
                              /Applications/lpcxpresso_7.6.2_326/lpcxpresso/tools/bin/../lib/gcc/arm-none-eabi/4.9.3/armv6-m/libcr_eabihelpers.a(division_32.o) (__aeabi_idiv0)

Discarded input sections

 .group         0x0000000000000000        0x8 ./cr_startup_lpc11u.o
 .group         0x0000000000000000        0x8 ./cr_startup_lpc11u.o
 .group         0x0000000000000000        0x8 ./cr_startup_lpc11u.o
 .group         0x0000000000000000        0x8 ./cr_startup_lpc11u.o
 .text          0x0000000000000000        0x0 ./cr_startup_lpc11u.o
 .data          0x0000000000000000        0x0 ./cr_startup_lpc11u.o
 .bss           0x0000000000000000        0x0 ./cr_startup_lpc11u.o
 .group         0x0000000000000000        0x8 ./main.o
 .group         0x0000000000000000        0x8 ./main.o
 .group         0x0000000000000000        0x8 ./main.o
 .group         0x0000000000000000        0x8 ./main.o
 .group         0x0000000000000000        0x8 ./main.o
 .group         0x0000000000000000        0x8 ./main.o
 .group         0x0000000000000000        0x8 ./main.o
 .group         0x0000000000000000        0x8 ./main.o
 .text          0x0000000000000000        0x0 ./main.o
 .data          0x0000000000000000        0x0 ./main.o
 .bss           0x0000000000000000        0x0 ./main.o
 .debug_macro   0x0000000000000000       0x10 ./main.o
 .debug_macro   0x0000000000000000      0x12d ./main.o
 .debug_macro   0x0000000000000000      0x5b2 ./main.o
 .group         0x0000000000000000        0x8 ./timers.o
 .text          0x0000000000000000        0x0 ./timers.o
 .data          0x0000000000000000        0x0 ./timers.o
 .bss           0x0000000000000000        0x0 ./timers.o
 .debug_macro   0x0000000000000000      0x832 ./timers.o
 .group         0x0000000000000000        0x8 /Users/vartan/LPCXpresso/workspace/CMSISv2p00_LPC11Uxx/Debug/libCMSISv2p00_LPC11Uxx.a(system_LPC11Uxx.o)
 .group         0x0000000000000000        0x8 /Users/vartan/LPCXpresso/workspace/CMSISv2p00_LPC11Uxx/Debug/libCMSISv2p00_LPC11Uxx.a(system_LPC11Uxx.o)
 .group         0x0000000000000000        0x8 /Users/vartan/LPCXpresso/workspace/CMSISv2p00_LPC11Uxx/Debug/libCMSISv2p00_LPC11Uxx.a(system_LPC11Uxx.o)
 .group         0x0000000000000000        0x8 /Users/vartan/LPCXpresso/workspace/CMSISv2p00_LPC11Uxx/Debug/libCMSISv2p00_LPC11Uxx.a(system_LPC11Uxx.o)
 .group         0x0000000000000000        0x8 /Users/vartan/LPCXpresso/workspace/CMSISv2p00_LPC11Uxx/Debug/libCMSISv2p00_LPC11Uxx.a(system_LPC11Uxx.o)
 .group         0x0000000000000000        0x8 /Users/vartan/LPCXpresso/workspace/CMSISv2p00_LPC11Uxx/Debug/libCMSISv2p00_LPC11Uxx.a(system_LPC11Uxx.o)
 .group         0x0000000000000000        0x8 /Users/vartan/LPCXpresso/workspace/CMSISv2p00_LPC11Uxx/Debug/libCMSISv2p00_LPC11Uxx.a(system_LPC11Uxx.o)
 .group         0x0000000000000000        0x8 /Users/vartan/LPCXpresso/workspace/CMSISv2p00_LPC11Uxx/Debug/libCMSISv2p00_LPC11Uxx.a(system_LPC11Uxx.o)
 .text          0x0000000000000000        0x0 /Users/vartan/LPCXpresso/workspace/CMSISv2p00_LPC11Uxx/Debug/libCMSISv2p00_LPC11Uxx.a(system_LPC11Uxx.o)
 .data          0x0000000000000000        0x0 /Users/vartan/LPCXpresso/workspace/CMSISv2p00_LPC11Uxx/Debug/libCMSISv2p00_LPC11Uxx.a(system_LPC11Uxx.o)
 .bss           0x0000000000000000        0x0 /Users/vartan/LPCXpresso/workspace/CMSISv2p00_LPC11Uxx/Debug/libCMSISv2p00_LPC11Uxx.a(system_LPC11Uxx.o)
 .text.SystemCoreClockUpdate
                0x0000000000000000       0xa0 /Users/vartan/LPCXpresso/workspace/CMSISv2p00_LPC11Uxx/Debug/libCMSISv2p00_LPC11Uxx.a(system_LPC11Uxx.o)
 .rodata.CSWTCH.9
                0x0000000000000000       0x3c /Users/vartan/LPCXpresso/workspace/CMSISv2p00_LPC11Uxx/Debug/libCMSISv2p00_LPC11Uxx.a(system_LPC11Uxx.o)
 .data.SystemCoreClock
                0x0000000000000000        0x4 /Users/vartan/LPCXpresso/workspace/CMSISv2p00_LPC11Uxx/Debug/libCMSISv2p00_LPC11Uxx.a(system_LPC11Uxx.o)
 .debug_macro   0x0000000000000000       0x10 /Users/vartan/LPCXpresso/workspace/CMSISv2p00_LPC11Uxx/Debug/libCMSISv2p00_LPC11Uxx.a(system_LPC11Uxx.o)
 .debug_macro   0x0000000000000000      0x12d /Users/vartan/LPCXpresso/workspace/CMSISv2p00_LPC11Uxx/Debug/libCMSISv2p00_LPC11Uxx.a(system_LPC11Uxx.o)
 .debug_macro   0x0000000000000000      0x5b2 /Users/vartan/LPCXpresso/workspace/CMSISv2p00_LPC11Uxx/Debug/libCMSISv2p00_LPC11Uxx.a(system_LPC11Uxx.o)
 .debug_macro   0x0000000000000000       0x2e /Users/vartan/LPCXpresso/workspace/CMSISv2p00_LPC11Uxx/Debug/libCMSISv2p00_LPC11Uxx.a(system_LPC11Uxx.o)
 .debug_macro   0x0000000000000000      0x237 /Users/vartan/LPCXpresso/workspace/CMSISv2p00_LPC11Uxx/Debug/libCMSISv2p00_LPC11Uxx.a(system_LPC11Uxx.o)
 .text          0x0000000000000000        0x0 /Applications/lpcxpresso_7.6.2_326/lpcxpresso/tools/bin/../lib/gcc/arm-none-eabi/4.9.3/../../../../arm-none-eabi/lib/armv6-m/libcr_c.a(__weak__main.o)
 .data          0x0000000000000000        0x0 /Applications/lpcxpresso_7.6.2_326/lpcxpresso/tools/bin/../lib/gcc/arm-none-eabi/4.9.3/../../../../arm-none-eabi/lib/armv6-m/libcr_c.a(__weak__main.o)
 .bss           0x0000000000000000        0x0 /Applications/lpcxpresso_7.6.2_326/lpcxpresso/tools/bin/../lib/gcc/arm-none-eabi/4.9.3/../../../../arm-none-eabi/lib/armv6-m/libcr_c.a(__weak__main.o)
 .text          0x0000000000000000        0x0 /Applications/lpcxpresso_7.6.2_326/lpcxpresso/tools/bin/../lib/gcc/arm-none-eabi/4.9.3/armv6-m/libcr_eabihelpers.a(division_32.o)
 .data          0x0000000000000000        0x0 /Applications/lpcxpresso_7.6.2_326/lpcxpresso/tools/bin/../lib/gcc/arm-none-eabi/4.9.3/armv6-m/libcr_eabihelpers.a(division_32.o)
 .bss           0x0000000000000000        0x0 /Applications/lpcxpresso_7.6.2_326/lpcxpresso/tools/bin/../lib/gcc/arm-none-eabi/4.9.3/armv6-m/libcr_eabihelpers.a(division_32.o)
 .text.__aeabi_division_idivmod
                0x0000000000000000       0x78 /Applications/lpcxpresso_7.6.2_326/lpcxpresso/tools/bin/../lib/gcc/arm-none-eabi/4.9.3/armv6-m/libcr_eabihelpers.a(division_32.o)
 .ARM.attributes
                0x0000000000000000       0x21 /Applications/lpcxpresso_7.6.2_326/lpcxpresso/tools/bin/../lib/gcc/arm-none-eabi/4.9.3/armv6-m/libcr_eabihelpers.a(division_32.o)
 .text          0x0000000000000000        0x0 /Applications/lpcxpresso_7.6.2_326/lpcxpresso/tools/bin/../lib/gcc/arm-none-eabi/4.9.3/armv6-m/libcr_eabihelpers.a(division_idiv0.o)
 .data          0x0000000000000000        0x0 /Applications/lpcxpresso_7.6.2_326/lpcxpresso/tools/bin/../lib/gcc/arm-none-eabi/4.9.3/armv6-m/libcr_eabihelpers.a(division_idiv0.o)
 .bss           0x0000000000000000        0x0 /Applications/lpcxpresso_7.6.2_326/lpcxpresso/tools/bin/../lib/gcc/arm-none-eabi/4.9.3/armv6-m/libcr_eabihelpers.a(division_idiv0.o)
 .text.__aeabi_division_idiv0
                0x0000000000000000        0x2 /Applications/lpcxpresso_7.6.2_326/lpcxpresso/tools/bin/../lib/gcc/arm-none-eabi/4.9.3/armv6-m/libcr_eabihelpers.a(division_idiv0.o)
 .ARM.attributes
                0x0000000000000000       0x21 /Applications/lpcxpresso_7.6.2_326/lpcxpresso/tools/bin/../lib/gcc/arm-none-eabi/4.9.3/armv6-m/libcr_eabihelpers.a(division_idiv0.o)

Memory Configuration

Name             Origin             Length             Attributes
MFlash32         0x0000000000000000 0x0000000000008000 xr
RamLoc8          0x0000000010000000 0x0000000000002000 xrw
RamUsb2          0x0000000020004000 0x0000000000000800 xrw
*default*        0x0000000000000000 0xffffffffffffffff

Linker script and memory map

LOAD ./cr_startup_lpc11u.o
LOAD ./main.o
LOAD ./timers.o
LOAD /Users/vartan/LPCXpresso/workspace/CMSISv2p00_LPC11Uxx/Debug/libCMSISv2p00_LPC11Uxx.a
START GROUP
LOAD /Applications/lpcxpresso_7.6.2_326/lpcxpresso/tools/bin/../lib/gcc/arm-none-eabi/4.9.3/../../../../arm-none-eabi/lib/armv6-m/libcr_c.a
LOAD /Applications/lpcxpresso_7.6.2_326/lpcxpresso/tools/bin/../lib/gcc/arm-none-eabi/4.9.3/armv6-m/libcr_eabihelpers.a
END GROUP
                0x0000000000008000                __top_MFlash32 = 0x8000
                0x0000000010002000                __top_RamLoc8 = 0x10002000
                0x0000000020004800                __top_RamUsb2 = 0x20004800

.text           0x0000000000000000      0x25c
 FILL mask 0xff
                0x0000000000000000                __vectors_start__ = ABSOLUTE (.)
 *(.isr_vector)
 .isr_vector    0x0000000000000000       0xc0 ./cr_startup_lpc11u.o
                0x0000000000000000                g_pfnVectors
                0x00000000000000c0                . = ALIGN (0x4)
                0x00000000000000c0                __section_table_start = .
                0x00000000000000c0                __data_section_table = .
                0x00000000000000c0        0x4 LONG 0x25c LOADADDR (.data)
                0x00000000000000c4        0x4 LONG 0x10000000 ADDR (.data)
                0x00000000000000c8        0x4 LONG 0x0 SIZEOF (.data)
                0x00000000000000cc        0x4 LONG 0x25c LOADADDR (.data_RAM2)
                0x00000000000000d0        0x4 LONG 0x20004000 ADDR (.data_RAM2)
                0x00000000000000d4        0x4 LONG 0x0 SIZEOF (.data_RAM2)
                0x00000000000000d8                __data_section_table_end = .
                0x00000000000000d8                __bss_section_table = .
                0x00000000000000d8        0x4 LONG 0x10000000 ADDR (.bss)
                0x00000000000000dc        0x4 LONG 0x0 SIZEOF (.bss)
                0x00000000000000e0        0x4 LONG 0x20004000 ADDR (.bss_RAM2)
                0x00000000000000e4        0x4 LONG 0x0 SIZEOF (.bss_RAM2)
                0x00000000000000e8                __bss_section_table_end = .
                0x00000000000000e8                __section_table_end = .
 *(.after_vectors*)
 .after_vectors
                0x00000000000000e8       0x70 ./cr_startup_lpc11u.o
                0x00000000000000e8                NMI_Handler
                0x00000000000000ea                HardFault_Handler
                0x00000000000000ec                SVC_Handler
                0x00000000000000ee                PendSV_Handler
                0x00000000000000f0                SysTick_Handler
                0x00000000000000f2                PIOINT1_IRQHandler
                0x00000000000000f2                CAN_IRQHandler
                0x00000000000000f2                SSP0_IRQHandler
                0x00000000000000f2                TIMER16_0_IRQHandler
                0x00000000000000f2                UART_IRQHandler
                0x00000000000000f2                TIMER32_0_IRQHandler
                0x00000000000000f2                TIMER32_1_IRQHandler
                0x00000000000000f2                IntDefaultHandler
                0x00000000000000f2                I2C_IRQHandler
                0x00000000000000f2                WDT_IRQHandler
                0x00000000000000f2                PIOINT3_IRQHandler
                0x00000000000000f2                TIMER16_1_IRQHandler
                0x00000000000000f2                ADC_IRQHandler
                0x00000000000000f2                SSP1_IRQHandler
                0x00000000000000f2                PIOINT2_IRQHandler
                0x00000000000000f2                BOD_IRQHandler
                0x00000000000000f2                WAKEUP_IRQHandler
                0x00000000000000f2                PIOINT0_IRQHandler
                0x00000000000000f4                data_init
                0x0000000000000106                bss_init
                0x0000000000000116                ResetISR
 *(.text*)
 .text.init     0x0000000000000158        0xc ./main.o
                0x0000000000000158                init
 .text.loop     0x0000000000000164        0x8 ./main.o
                0x0000000000000164                loop
 .text.main     0x000000000000016c       0x10 ./main.o
                0x000000000000016c                main
 .text.initTimers
                0x000000000000017c        0x8 ./timers.o
                0x000000000000017c                initTimers
 .text.SystemInit
                0x0000000000000184       0xd0 /Users/vartan/LPCXpresso/workspace/CMSISv2p00_LPC11Uxx/Debug/libCMSISv2p00_LPC11Uxx.a(system_LPC11Uxx.o)
                0x0000000000000184                SystemInit
 .text.__weak_main
                0x0000000000000254        0x8 /Applications/lpcxpresso_7.6.2_326/lpcxpresso/tools/bin/../lib/gcc/arm-none-eabi/4.9.3/../../../../arm-none-eabi/lib/armv6-m/libcr_c.a(__weak__main.o)
                0x0000000000000254                __main
                0x0000000000000254                __weak_main
 *(.rodata .rodata.* .constdata .constdata.*)
                0x000000000000025c                . = ALIGN (0x4)

.glue_7         0x000000000000025c        0x0
 .glue_7        0x0000000000000000        0x0 linker stubs

.glue_7t        0x000000000000025c        0x0
 .glue_7t       0x0000000000000000        0x0 linker stubs

.vfp11_veneer   0x000000000000025c        0x0
 .vfp11_veneer  0x0000000000000000        0x0 linker stubs

.v4_bx          0x000000000000025c        0x0
 .v4_bx         0x0000000000000000        0x0 linker stubs

.iplt           0x000000000000025c        0x0
 .iplt          0x0000000000000000        0x0 ./cr_startup_lpc11u.o

.rel.dyn        0x000000000000025c        0x0
 .rel.iplt      0x0000000000000000        0x0 ./cr_startup_lpc11u.o

.ARM.extab
 *(.ARM.extab* .gnu.linkonce.armextab.*)
                0x000000000000025c                __exidx_start = .

.ARM.exidx
 *(.ARM.exidx* .gnu.linkonce.armexidx.*)
                0x000000000000025c                __exidx_end = .
                0x000000000000025c                _etext = .

.data_RAM2      0x0000000020004000        0x0 load address 0x000000000000025c
 FILL mask 0xff
                0x0000000020004000                PROVIDE (__start_data_RAM2, .)
 *(.ramfunc.$RAM2)
 *(.ramfunc.$RamUsb2)
 *(.data.$RAM2*)
 *(.data.$RamUsb2*)
                0x0000000020004000                . = ALIGN (0x4)
                0x0000000020004000                PROVIDE (__end_data_RAM2, .)

.uninit_RESERVED
                0x0000000010000000        0x0
 *(.bss.$RESERVED*)
                0x0000000010000000                . = ALIGN (0x4)
                0x0000000010000000                _end_uninit_RESERVED = .

.data           0x0000000010000000        0x0 load address 0x000000000000025c
 FILL mask 0xff
                0x0000000010000000                _data = .
 *(vtable)
 *(.ramfunc*)
 *(.data*)
                0x0000000010000000                . = ALIGN (0x4)
                0x0000000010000000                _edata = .

.igot.plt       0x0000000010000000        0x0 load address 0x000000000000025c
 .igot.plt      0x0000000000000000        0x0 ./cr_startup_lpc11u.o

.bss_RAM2       0x0000000020004000        0x0
                0x0000000020004000                PROVIDE (__start_bss_RAM2, .)
 *(.bss.$RAM2*)
 *(.bss.$RamUsb2*)
                0x0000000020004000                . = ALIGN (0x4)
                0x0000000020004000                PROVIDE (__end_bss_RAM2, .)

.bss            0x0000000010000000        0x0
                0x0000000010000000                _bss = .
 *(.bss*)
 *(COMMON)
                0x0000000010000000                . = ALIGN (0x4)
                0x0000000010000000                _ebss = .
                0x0000000010000000                PROVIDE (end, .)

.noinit_RAM2    0x0000000020004000        0x0
 *(.noinit.$RAM2*)
 *(.noinit.$RamUsb2*)
                0x0000000020004000                . = ALIGN (0x4)

.noinit         0x0000000010000000        0x0
                0x0000000010000000                _noinit = .
 *(.noinit*)
                0x0000000010000000                . = ALIGN (0x4)
                0x0000000010000000                _end_noinit = .
                0x0000000010000000                PROVIDE (_pvHeapStart, DEFINED (__user_heap_base)?__user_heap_base:.)
                0x0000000010002000                PROVIDE (_vStackTop, DEFINED (__user_stack_top)?__user_stack_top:(__top_RamLoc8 - 0x0))
OUTPUT(BB-LPC11U24_blinky.axf elf32-littlearm)

.debug_info     0x0000000000000000      0x8a2
 .debug_info    0x0000000000000000      0x278 ./cr_startup_lpc11u.o
 .debug_info    0x0000000000000278       0xae ./main.o
 .debug_info    0x0000000000000326       0x3b ./timers.o
 .debug_info    0x0000000000000361      0x541 /Users/vartan/LPCXpresso/workspace/CMSISv2p00_LPC11Uxx/Debug/libCMSISv2p00_LPC11Uxx.a(system_LPC11Uxx.o)

.debug_abbrev   0x0000000000000000      0x2cd
 .debug_abbrev  0x0000000000000000      0x11c ./cr_startup_lpc11u.o
 .debug_abbrev  0x000000000000011c       0x71 ./main.o
 .debug_abbrev  0x000000000000018d       0x2d ./timers.o
 .debug_abbrev  0x00000000000001ba      0x113 /Users/vartan/LPCXpresso/workspace/CMSISv2p00_LPC11Uxx/Debug/libCMSISv2p00_LPC11Uxx.a(system_LPC11Uxx.o)

.debug_loc      0x0000000000000000      0x1fb
 .debug_loc     0x0000000000000000      0x1a4 ./cr_startup_lpc11u.o
 .debug_loc     0x00000000000001a4       0x57 /Users/vartan/LPCXpresso/workspace/CMSISv2p00_LPC11Uxx/Debug/libCMSISv2p00_LPC11Uxx.a(system_LPC11Uxx.o)

.debug_aranges  0x0000000000000000       0xd8
 .debug_aranges
                0x0000000000000000       0x60 ./cr_startup_lpc11u.o
 .debug_aranges
                0x0000000000000060       0x30 ./main.o
 .debug_aranges
                0x0000000000000090       0x20 ./timers.o
 .debug_aranges
                0x00000000000000b0       0x28 /Users/vartan/LPCXpresso/workspace/CMSISv2p00_LPC11Uxx/Debug/libCMSISv2p00_LPC11Uxx.a(system_LPC11Uxx.o)

.debug_ranges   0x0000000000000000       0x98
 .debug_ranges  0x0000000000000000       0x50 ./cr_startup_lpc11u.o
 .debug_ranges  0x0000000000000050       0x20 ./main.o
 .debug_ranges  0x0000000000000070       0x10 ./timers.o
 .debug_ranges  0x0000000000000080       0x18 /Users/vartan/LPCXpresso/workspace/CMSISv2p00_LPC11Uxx/Debug/libCMSISv2p00_LPC11Uxx.a(system_LPC11Uxx.o)

.debug_macro    0x0000000000000000     0x2648
 .debug_macro   0x0000000000000000       0x52 ./cr_startup_lpc11u.o
 .debug_macro   0x0000000000000052      0x838 ./cr_startup_lpc11u.o
 .debug_macro   0x000000000000088a       0x10 ./cr_startup_lpc11u.o
 .debug_macro   0x000000000000089a      0x12d ./cr_startup_lpc11u.o
 .debug_macro   0x00000000000009c7      0x5b2 ./cr_startup_lpc11u.o
 .debug_macro   0x0000000000000f79       0x8a ./main.o
 .debug_macro   0x0000000000001003      0x832 ./main.o
 .debug_macro   0x0000000000001835       0x1c ./main.o
 .debug_macro   0x0000000000001851       0x2e ./main.o
 .debug_macro   0x000000000000187f      0x237 ./main.o
 .debug_macro   0x0000000000001ab6      0x10e ./main.o
 .debug_macro   0x0000000000001bc4       0x11 ./timers.o
 .debug_macro   0x0000000000001bd5      0x117 /Users/vartan/LPCXpresso/workspace/CMSISv2p00_LPC11Uxx/Debug/libCMSISv2p00_LPC11Uxx.a(system_LPC11Uxx.o)
 .debug_macro   0x0000000000001cec      0x832 /Users/vartan/LPCXpresso/workspace/CMSISv2p00_LPC11Uxx/Debug/libCMSISv2p00_LPC11Uxx.a(system_LPC11Uxx.o)
 .debug_macro   0x000000000000251e       0x1c /Users/vartan/LPCXpresso/workspace/CMSISv2p00_LPC11Uxx/Debug/libCMSISv2p00_LPC11Uxx.a(system_LPC11Uxx.o)
 .debug_macro   0x000000000000253a      0x10e /Users/vartan/LPCXpresso/workspace/CMSISv2p00_LPC11Uxx/Debug/libCMSISv2p00_LPC11Uxx.a(system_LPC11Uxx.o)

.debug_line     0x0000000000000000      0x5c8
 .debug_line    0x0000000000000000      0x1c8 ./cr_startup_lpc11u.o
 .debug_line    0x00000000000001c8      0x1d1 ./main.o
 .debug_line    0x0000000000000399       0x3a ./timers.o
 .debug_line    0x00000000000003d3      0x1f5 /Users/vartan/LPCXpresso/workspace/CMSISv2p00_LPC11Uxx/Debug/libCMSISv2p00_LPC11Uxx.a(system_LPC11Uxx.o)

.debug_str      0x0000000000000000     0x5753
 .debug_str     0x0000000000000000     0x3bf2 ./cr_startup_lpc11u.o
                                       0x3c71 (size before relaxing)
 .debug_str     0x0000000000003bf2     0x14d2 ./main.o
                                       0x4ef7 (size before relaxing)
 .debug_str     0x00000000000050c4       0x17 ./timers.o
                                       0x2364 (size before relaxing)
 .debug_str     0x00000000000050db      0x678 /Users/vartan/LPCXpresso/workspace/CMSISv2p00_LPC11Uxx/Debug/libCMSISv2p00_LPC11Uxx.a(system_LPC11Uxx.o)
                                       0x5457 (size before relaxing)

.comment        0x0000000000000000       0x70
 .comment       0x0000000000000000       0x70 ./cr_startup_lpc11u.o
                                         0x71 (size before relaxing)
 .comment       0x0000000000000000       0x71 ./main.o
 .comment       0x0000000000000000       0x71 ./timers.o
 .comment       0x0000000000000000       0x71 /Users/vartan/LPCXpresso/workspace/CMSISv2p00_LPC11Uxx/Debug/libCMSISv2p00_LPC11Uxx.a(system_LPC11Uxx.o)
 .comment       0x0000000000000000       0x71 /Applications/lpcxpresso_7.6.2_326/lpcxpresso/tools/bin/../lib/gcc/arm-none-eabi/4.9.3/../../../../arm-none-eabi/lib/armv6-m/libcr_c.a(__weak__main.o)

.ARM.attributes
                0x0000000000000000       0x2f
 .ARM.attributes
                0x0000000000000000       0x31 ./cr_startup_lpc11u.o
 .ARM.attributes
                0x0000000000000031       0x31 ./main.o
 .ARM.attributes
                0x0000000000000062       0x31 ./timers.o
 .ARM.attributes
                0x0000000000000093       0x31 /Users/vartan/LPCXpresso/workspace/CMSISv2p00_LPC11Uxx/Debug/libCMSISv2p00_LPC11Uxx.a(system_LPC11Uxx.o)
 .ARM.attributes
                0x00000000000000c4       0x31 /Applications/lpcxpresso_7.6.2_326/lpcxpresso/tools/bin/../lib/gcc/arm-none-eabi/4.9.3/../../../../arm-none-eabi/lib/armv6-m/libcr_c.a(__weak__main.o)

.debug_frame    0x0000000000000000      0x18c
 .debug_frame   0x0000000000000000       0xb0 ./cr_startup_lpc11u.o
 .debug_frame   0x00000000000000b0       0x64 ./main.o
 .debug_frame   0x0000000000000114       0x2c ./timers.o
 .debug_frame   0x0000000000000140       0x4c /Users/vartan/LPCXpresso/workspace/CMSISv2p00_LPC11Uxx/Debug/libCMSISv2p00_LPC11Uxx.a(system_LPC11Uxx.o)
