Archive member included because of file (symbol)

/Users/vartan/LPCXpresso/workspace/CMSISv2p00_LPC11Uxx/Debug/libCMSISv2p00_LPC11Uxx.a(system_LPC11Uxx.o)
                              ./cr_startup_lpc11u.o (SystemInit)
/Applications/lpcxpresso_7.6.2_326/lpcxpresso/tools/bin/../lib/gcc/arm-none-eabi/4.9.3/../../../../arm-none-eabi/lib/armv6-m/libcr_c.a(__weak__main.o)
                              ./cr_startup_lpc11u.o (__main)
/Applications/lpcxpresso_7.6.2_326/lpcxpresso/tools/bin/../lib/gcc/arm-none-eabi/4.9.3/armv6-m/libcr_eabihelpers.a(division_32.o)
                              /Users/vartan/LPCXpresso/workspace/CMSISv2p00_LPC11Uxx/Debug/libCMSISv2p00_LPC11Uxx.a(system_LPC11Uxx.o) (__aeabi_uidiv)
/Applications/lpcxpresso_7.6.2_326/lpcxpresso/tools/bin/../lib/gcc/arm-none-eabi/4.9.3/armv6-m/libcr_eabihelpers.a(division_idiv0.o)
                              /Applications/lpcxpresso_7.6.2_326/lpcxpresso/tools/bin/../lib/gcc/arm-none-eabi/4.9.3/armv6-m/libcr_eabihelpers.a(division_32.o) (__aeabi_idiv0)

Allocating common symbols
Common symbol       size              file

motorDrivers        0x4               ./MotorDriver.o

Discarded input sections

 .group         0x0000000000000000        0x8 ./MotorDriver.o
 .group         0x0000000000000000        0x8 ./MotorDriver.o
 .group         0x0000000000000000        0x8 ./MotorDriver.o
 .group         0x0000000000000000        0x8 ./MotorDriver.o
 .group         0x0000000000000000        0x8 ./MotorDriver.o
 .group         0x0000000000000000        0x8 ./MotorDriver.o
 .group         0x0000000000000000        0x8 ./MotorDriver.o
 .text          0x0000000000000000        0x0 ./MotorDriver.o
 .data          0x0000000000000000        0x0 ./MotorDriver.o
 .bss           0x0000000000000000        0x0 ./MotorDriver.o
 .group         0x0000000000000000        0x8 ./cr_startup_lpc11u.o
 .group         0x0000000000000000        0x8 ./cr_startup_lpc11u.o
 .group         0x0000000000000000        0x8 ./cr_startup_lpc11u.o
 .group         0x0000000000000000        0x8 ./cr_startup_lpc11u.o
 .text          0x0000000000000000        0x0 ./cr_startup_lpc11u.o
 .data          0x0000000000000000        0x0 ./cr_startup_lpc11u.o
 .bss           0x0000000000000000        0x0 ./cr_startup_lpc11u.o
 .debug_macro   0x0000000000000000       0x10 ./cr_startup_lpc11u.o
 .debug_macro   0x0000000000000000      0x12d ./cr_startup_lpc11u.o
 .debug_macro   0x0000000000000000      0x5b2 ./cr_startup_lpc11u.o
 .group         0x0000000000000000        0x8 ./main.o
 .group         0x0000000000000000        0x8 ./main.o
 .group         0x0000000000000000        0x8 ./main.o
 .group         0x0000000000000000        0x8 ./main.o
 .group         0x0000000000000000        0x8 ./main.o
 .group         0x0000000000000000        0x8 ./main.o
 .group         0x0000000000000000        0x8 ./main.o
 .group         0x0000000000000000        0x8 ./main.o
 .group         0x0000000000000000        0x8 ./main.o
 .text          0x0000000000000000        0x0 ./main.o
 .data          0x0000000000000000        0x0 ./main.o
 .bss           0x0000000000000000        0x0 ./main.o
 .debug_macro   0x0000000000000000      0x832 ./main.o
 .debug_macro   0x0000000000000000       0x10 ./main.o
 .debug_macro   0x0000000000000000      0x12d ./main.o
 .debug_macro   0x0000000000000000      0x5b2 ./main.o
 .debug_macro   0x0000000000000000       0x10 ./main.o
 .group         0x0000000000000000        0x8 ./timers.o
 .group         0x0000000000000000        0x8 ./timers.o
 .group         0x0000000000000000        0x8 ./timers.o
 .group         0x0000000000000000        0x8 ./timers.o
 .group         0x0000000000000000        0x8 ./timers.o
 .group         0x0000000000000000        0x8 ./timers.o
 .group         0x0000000000000000        0x8 ./timers.o
 .group         0x0000000000000000        0x8 ./timers.o
 .group         0x0000000000000000        0x8 ./timers.o
 .group         0x0000000000000000        0x8 ./timers.o
 .group         0x0000000000000000        0x8 ./timers.o
 .text          0x0000000000000000        0x0 ./timers.o
 .data          0x0000000000000000        0x0 ./timers.o
 .bss           0x0000000000000000        0x0 ./timers.o
 .debug_macro   0x0000000000000000      0x832 ./timers.o
 .debug_macro   0x0000000000000000       0x1c ./timers.o
 .debug_macro   0x0000000000000000       0x2e ./timers.o
 .debug_macro   0x0000000000000000       0x10 ./timers.o
 .debug_macro   0x0000000000000000      0x12d ./timers.o
 .debug_macro   0x0000000000000000      0x5b2 ./timers.o
 .debug_macro   0x0000000000000000      0x237 ./timers.o
 .debug_macro   0x0000000000000000      0x10e ./timers.o
 .debug_macro   0x0000000000000000       0x10 ./timers.o
 .debug_macro   0x0000000000000000       0x22 ./timers.o
 .debug_macro   0x0000000000000000       0x10 ./timers.o
 .group         0x0000000000000000        0x8 /Users/vartan/LPCXpresso/workspace/CMSISv2p00_LPC11Uxx/Debug/libCMSISv2p00_LPC11Uxx.a(system_LPC11Uxx.o)
 .group         0x0000000000000000        0x8 /Users/vartan/LPCXpresso/workspace/CMSISv2p00_LPC11Uxx/Debug/libCMSISv2p00_LPC11Uxx.a(system_LPC11Uxx.o)
 .group         0x0000000000000000        0x8 /Users/vartan/LPCXpresso/workspace/CMSISv2p00_LPC11Uxx/Debug/libCMSISv2p00_LPC11Uxx.a(system_LPC11Uxx.o)
 .group         0x0000000000000000        0x8 /Users/vartan/LPCXpresso/workspace/CMSISv2p00_LPC11Uxx/Debug/libCMSISv2p00_LPC11Uxx.a(system_LPC11Uxx.o)
 .group         0x0000000000000000        0x8 /Users/vartan/LPCXpresso/workspace/CMSISv2p00_LPC11Uxx/Debug/libCMSISv2p00_LPC11Uxx.a(system_LPC11Uxx.o)
 .group         0x0000000000000000        0x8 /Users/vartan/LPCXpresso/workspace/CMSISv2p00_LPC11Uxx/Debug/libCMSISv2p00_LPC11Uxx.a(system_LPC11Uxx.o)
 .group         0x0000000000000000        0x8 /Users/vartan/LPCXpresso/workspace/CMSISv2p00_LPC11Uxx/Debug/libCMSISv2p00_LPC11Uxx.a(system_LPC11Uxx.o)
 .group         0x0000000000000000        0x8 /Users/vartan/LPCXpresso/workspace/CMSISv2p00_LPC11Uxx/Debug/libCMSISv2p00_LPC11Uxx.a(system_LPC11Uxx.o)
 .text          0x0000000000000000        0x0 /Users/vartan/LPCXpresso/workspace/CMSISv2p00_LPC11Uxx/Debug/libCMSISv2p00_LPC11Uxx.a(system_LPC11Uxx.o)
 .data          0x0000000000000000        0x0 /Users/vartan/LPCXpresso/workspace/CMSISv2p00_LPC11Uxx/Debug/libCMSISv2p00_LPC11Uxx.a(system_LPC11Uxx.o)
 .bss           0x0000000000000000        0x0 /Users/vartan/LPCXpresso/workspace/CMSISv2p00_LPC11Uxx/Debug/libCMSISv2p00_LPC11Uxx.a(system_LPC11Uxx.o)
 .text.SystemCoreClockUpdate
                0x0000000000000000       0xa0 /Users/vartan/LPCXpresso/workspace/CMSISv2p00_LPC11Uxx/Debug/libCMSISv2p00_LPC11Uxx.a(system_LPC11Uxx.o)
 .rodata.CSWTCH.9
                0x0000000000000000       0x3c /Users/vartan/LPCXpresso/workspace/CMSISv2p00_LPC11Uxx/Debug/libCMSISv2p00_LPC11Uxx.a(system_LPC11Uxx.o)
 .data.SystemCoreClock
                0x0000000000000000        0x4 /Users/vartan/LPCXpresso/workspace/CMSISv2p00_LPC11Uxx/Debug/libCMSISv2p00_LPC11Uxx.a(system_LPC11Uxx.o)
 .debug_macro   0x0000000000000000       0x10 /Users/vartan/LPCXpresso/workspace/CMSISv2p00_LPC11Uxx/Debug/libCMSISv2p00_LPC11Uxx.a(system_LPC11Uxx.o)
 .debug_macro   0x0000000000000000      0x12d /Users/vartan/LPCXpresso/workspace/CMSISv2p00_LPC11Uxx/Debug/libCMSISv2p00_LPC11Uxx.a(system_LPC11Uxx.o)
 .debug_macro   0x0000000000000000      0x5b2 /Users/vartan/LPCXpresso/workspace/CMSISv2p00_LPC11Uxx/Debug/libCMSISv2p00_LPC11Uxx.a(system_LPC11Uxx.o)
 .debug_macro   0x0000000000000000       0x2e /Users/vartan/LPCXpresso/workspace/CMSISv2p00_LPC11Uxx/Debug/libCMSISv2p00_LPC11Uxx.a(system_LPC11Uxx.o)
 .debug_macro   0x0000000000000000      0x237 /Users/vartan/LPCXpresso/workspace/CMSISv2p00_LPC11Uxx/Debug/libCMSISv2p00_LPC11Uxx.a(system_LPC11Uxx.o)
 .text          0x0000000000000000        0x0 /Applications/lpcxpresso_7.6.2_326/lpcxpresso/tools/bin/../lib/gcc/arm-none-eabi/4.9.3/../../../../arm-none-eabi/lib/armv6-m/libcr_c.a(__weak__main.o)
 .data          0x0000000000000000        0x0 /Applications/lpcxpresso_7.6.2_326/lpcxpresso/tools/bin/../lib/gcc/arm-none-eabi/4.9.3/../../../../arm-none-eabi/lib/armv6-m/libcr_c.a(__weak__main.o)
 .bss           0x0000000000000000        0x0 /Applications/lpcxpresso_7.6.2_326/lpcxpresso/tools/bin/../lib/gcc/arm-none-eabi/4.9.3/../../../../arm-none-eabi/lib/armv6-m/libcr_c.a(__weak__main.o)
 .text          0x0000000000000000        0x0 /Applications/lpcxpresso_7.6.2_326/lpcxpresso/tools/bin/../lib/gcc/arm-none-eabi/4.9.3/armv6-m/libcr_eabihelpers.a(division_32.o)
 .data          0x0000000000000000        0x0 /Applications/lpcxpresso_7.6.2_326/lpcxpresso/tools/bin/../lib/gcc/arm-none-eabi/4.9.3/armv6-m/libcr_eabihelpers.a(division_32.o)
 .bss           0x0000000000000000        0x0 /Applications/lpcxpresso_7.6.2_326/lpcxpresso/tools/bin/../lib/gcc/arm-none-eabi/4.9.3/armv6-m/libcr_eabihelpers.a(division_32.o)
 .text.__aeabi_division_idivmod
                0x0000000000000000       0x78 /Applications/lpcxpresso_7.6.2_326/lpcxpresso/tools/bin/../lib/gcc/arm-none-eabi/4.9.3/armv6-m/libcr_eabihelpers.a(division_32.o)
 .ARM.attributes
                0x0000000000000000       0x21 /Applications/lpcxpresso_7.6.2_326/lpcxpresso/tools/bin/../lib/gcc/arm-none-eabi/4.9.3/armv6-m/libcr_eabihelpers.a(division_32.o)
 .text          0x0000000000000000        0x0 /Applications/lpcxpresso_7.6.2_326/lpcxpresso/tools/bin/../lib/gcc/arm-none-eabi/4.9.3/armv6-m/libcr_eabihelpers.a(division_idiv0.o)
 .data          0x0000000000000000        0x0 /Applications/lpcxpresso_7.6.2_326/lpcxpresso/tools/bin/../lib/gcc/arm-none-eabi/4.9.3/armv6-m/libcr_eabihelpers.a(division_idiv0.o)
 .bss           0x0000000000000000        0x0 /Applications/lpcxpresso_7.6.2_326/lpcxpresso/tools/bin/../lib/gcc/arm-none-eabi/4.9.3/armv6-m/libcr_eabihelpers.a(division_idiv0.o)
 .text.__aeabi_division_idiv0
                0x0000000000000000        0x2 /Applications/lpcxpresso_7.6.2_326/lpcxpresso/tools/bin/../lib/gcc/arm-none-eabi/4.9.3/armv6-m/libcr_eabihelpers.a(division_idiv0.o)
 .ARM.attributes
                0x0000000000000000       0x21 /Applications/lpcxpresso_7.6.2_326/lpcxpresso/tools/bin/../lib/gcc/arm-none-eabi/4.9.3/armv6-m/libcr_eabihelpers.a(division_idiv0.o)

Memory Configuration

Name             Origin             Length             Attributes
MFlash32         0x0000000000000000 0x0000000000008000 xr
RamLoc8          0x0000000010000000 0x0000000000002000 xrw
RamUsb2          0x0000000020004000 0x0000000000000800 xrw
*default*        0x0000000000000000 0xffffffffffffffff

Linker script and memory map

LOAD ./MotorDriver.o
LOAD ./cr_startup_lpc11u.o
LOAD ./main.o
LOAD ./timers.o
LOAD /Users/vartan/LPCXpresso/workspace/CMSISv2p00_LPC11Uxx/Debug/libCMSISv2p00_LPC11Uxx.a
START GROUP
LOAD /Applications/lpcxpresso_7.6.2_326/lpcxpresso/tools/bin/../lib/gcc/arm-none-eabi/4.9.3/../../../../arm-none-eabi/lib/armv6-m/libcr_c.a
LOAD /Applications/lpcxpresso_7.6.2_326/lpcxpresso/tools/bin/../lib/gcc/arm-none-eabi/4.9.3/armv6-m/libcr_eabihelpers.a
END GROUP
                0x0000000000008000                __top_MFlash32 = 0x8000
                0x0000000010002000                __top_RamLoc8 = 0x10002000
                0x0000000020004800                __top_RamUsb2 = 0x20004800

.text           0x0000000000000000      0x39c
 FILL mask 0xff
                0x0000000000000000                __vectors_start__ = ABSOLUTE (.)
 *(.isr_vector)
 .isr_vector    0x0000000000000000       0xc0 ./cr_startup_lpc11u.o
                0x0000000000000000                g_pfnVectors
                0x00000000000000c0                . = ALIGN (0x4)
                0x00000000000000c0                __section_table_start = .
                0x00000000000000c0                __data_section_table = .
                0x00000000000000c0        0x4 LONG 0x39c LOADADDR (.data)
                0x00000000000000c4        0x4 LONG 0x10000000 ADDR (.data)
                0x00000000000000c8        0x4 LONG 0x0 SIZEOF (.data)
                0x00000000000000cc        0x4 LONG 0x39c LOADADDR (.data_RAM2)
                0x00000000000000d0        0x4 LONG 0x20004000 ADDR (.data_RAM2)
                0x00000000000000d4        0x4 LONG 0x0 SIZEOF (.data_RAM2)
                0x00000000000000d8                __data_section_table_end = .
                0x00000000000000d8                __bss_section_table = .
                0x00000000000000d8        0x4 LONG 0x10000000 ADDR (.bss)
                0x00000000000000dc        0x4 LONG 0x8 SIZEOF (.bss)
                0x00000000000000e0        0x4 LONG 0x20004000 ADDR (.bss_RAM2)
                0x00000000000000e4        0x4 LONG 0x0 SIZEOF (.bss_RAM2)
                0x00000000000000e8                __bss_section_table_end = .
                0x00000000000000e8                __section_table_end = .
 *(.after_vectors*)
 .after_vectors
                0x00000000000000e8       0x70 ./cr_startup_lpc11u.o
                0x00000000000000e8                NMI_Handler
                0x00000000000000ea                HardFault_Handler
                0x00000000000000ec                SVC_Handler
                0x00000000000000ee                PendSV_Handler
                0x00000000000000f0                SysTick_Handler
                0x00000000000000f2                CAN_IRQHandler
                0x00000000000000f2                SSP0_IRQHandler
                0x00000000000000f2                TIMER16_0_IRQHandler
                0x00000000000000f2                UART_IRQHandler
                0x00000000000000f2                TIMER32_1_IRQHandler
                0x00000000000000f2                IntDefaultHandler
                0x00000000000000f2                PIOINT1_IRQHandler
                0x00000000000000f2                I2C_IRQHandler
                0x00000000000000f2                WDT_IRQHandler
                0x00000000000000f2                PIOINT3_IRQHandler
                0x00000000000000f2                TIMER16_1_IRQHandler
                0x00000000000000f2                ADC_IRQHandler
                0x00000000000000f2                SSP1_IRQHandler
                0x00000000000000f2                PIOINT2_IRQHandler
                0x00000000000000f2                BOD_IRQHandler
                0x00000000000000f2                WAKEUP_IRQHandler
                0x00000000000000f2                PIOINT0_IRQHandler
                0x00000000000000f4                data_init
                0x0000000000000106                bss_init
                0x0000000000000116                ResetISR
 *(.text*)
 .text.initMotorDrivers
                0x0000000000000158       0x1c ./MotorDriver.o
                0x0000000000000158                initMotorDrivers
 .text.motorDriverPWMCycle
                0x0000000000000174       0xb0 ./MotorDriver.o
                0x0000000000000174                motorDriverPWMCycle
 .text.main     0x0000000000000224       0x10 ./main.o
                0x0000000000000224                main
 .text.NVIC_EnableIRQ
                0x0000000000000234       0x2c ./timers.o
 .text.initMotorTimers
                0x0000000000000260       0x58 ./timers.o
                0x0000000000000260                initMotorTimers
 .text.TIMER32_0_IRQHandler
                0x00000000000002b8        0xc ./timers.o
                0x00000000000002b8                TIMER32_0_IRQHandler
 .text.SystemInit
                0x00000000000002c4       0xd0 /Users/vartan/LPCXpresso/workspace/CMSISv2p00_LPC11Uxx/Debug/libCMSISv2p00_LPC11Uxx.a(system_LPC11Uxx.o)
                0x00000000000002c4                SystemInit
 .text.__weak_main
                0x0000000000000394        0x8 /Applications/lpcxpresso_7.6.2_326/lpcxpresso/tools/bin/../lib/gcc/arm-none-eabi/4.9.3/../../../../arm-none-eabi/lib/armv6-m/libcr_c.a(__weak__main.o)
                0x0000000000000394                __main
                0x0000000000000394                __weak_main
 *(.rodata .rodata.* .constdata .constdata.*)
                0x000000000000039c                . = ALIGN (0x4)

.glue_7         0x000000000000039c        0x0
 .glue_7        0x0000000000000000        0x0 linker stubs

.glue_7t        0x000000000000039c        0x0
 .glue_7t       0x0000000000000000        0x0 linker stubs

.vfp11_veneer   0x000000000000039c        0x0
 .vfp11_veneer  0x0000000000000000        0x0 linker stubs

.v4_bx          0x000000000000039c        0x0
 .v4_bx         0x0000000000000000        0x0 linker stubs

.iplt           0x000000000000039c        0x0
 .iplt          0x0000000000000000        0x0 ./MotorDriver.o

.rel.dyn        0x000000000000039c        0x0
 .rel.iplt      0x0000000000000000        0x0 ./MotorDriver.o

.ARM.extab
 *(.ARM.extab* .gnu.linkonce.armextab.*)
                0x000000000000039c                __exidx_start = .

.ARM.exidx
 *(.ARM.exidx* .gnu.linkonce.armexidx.*)
                0x000000000000039c                __exidx_end = .
                0x000000000000039c                _etext = .

.data_RAM2      0x0000000020004000        0x0 load address 0x000000000000039c
 FILL mask 0xff
                0x0000000020004000                PROVIDE (__start_data_RAM2, .)
 *(.ramfunc.$RAM2)
 *(.ramfunc.$RamUsb2)
 *(.data.$RAM2*)
 *(.data.$RamUsb2*)
                0x0000000020004000                . = ALIGN (0x4)
                0x0000000020004000                PROVIDE (__end_data_RAM2, .)

.uninit_RESERVED
                0x0000000010000000        0x0
 *(.bss.$RESERVED*)
                0x0000000010000000                . = ALIGN (0x4)
                0x0000000010000000                _end_uninit_RESERVED = .

.data           0x0000000010000000        0x0 load address 0x000000000000039c
 FILL mask 0xff
                0x0000000010000000                _data = .
 *(vtable)
 *(.ramfunc*)
 *(.data*)
                0x0000000010000000                . = ALIGN (0x4)
                0x0000000010000000                _edata = .

.igot.plt       0x0000000010000000        0x0 load address 0x000000000000039c
 .igot.plt      0x0000000000000000        0x0 ./MotorDriver.o

.bss_RAM2       0x0000000020004000        0x0
                0x0000000020004000                PROVIDE (__start_bss_RAM2, .)
 *(.bss.$RAM2*)
 *(.bss.$RamUsb2*)
                0x0000000020004000                . = ALIGN (0x4)
                0x0000000020004000                PROVIDE (__end_bss_RAM2, .)

.bss            0x0000000010000000        0x8
                0x0000000010000000                _bss = .
 *(.bss*)
 .bss.currentPWMPercent.3822
                0x0000000010000000        0x1 ./MotorDriver.o
 *(COMMON)
 *fill*         0x0000000010000001        0x3 
 COMMON         0x0000000010000004        0x4 ./MotorDriver.o
                0x0000000010000004                motorDrivers
                0x0000000010000008                . = ALIGN (0x4)
                0x0000000010000008                _ebss = .
                0x0000000010000008                PROVIDE (end, .)

.noinit_RAM2    0x0000000020004000        0x0
 *(.noinit.$RAM2*)
 *(.noinit.$RamUsb2*)
                0x0000000020004000                . = ALIGN (0x4)

.noinit         0x0000000010000008        0x0
                0x0000000010000008                _noinit = .
 *(.noinit*)
                0x0000000010000008                . = ALIGN (0x4)
                0x0000000010000008                _end_noinit = .
                0x0000000010000008                PROVIDE (_pvHeapStart, DEFINED (__user_heap_base)?__user_heap_base:.)
                0x0000000010002000                PROVIDE (_vStackTop, DEFINED (__user_stack_top)?__user_stack_top:(__top_RamLoc8 - 0x0))
OUTPUT(MotorController.axf elf32-littlearm)

.debug_info     0x0000000000000000     0x1279
 .debug_info    0x0000000000000000      0x15c ./MotorDriver.o
 .debug_info    0x000000000000015c      0x278 ./cr_startup_lpc11u.o
 .debug_info    0x00000000000003d4      0x11c ./main.o
 .debug_info    0x00000000000004f0      0x848 ./timers.o
 .debug_info    0x0000000000000d38      0x541 /Users/vartan/LPCXpresso/workspace/CMSISv2p00_LPC11Uxx/Debug/libCMSISv2p00_LPC11Uxx.a(system_LPC11Uxx.o)

.debug_abbrev   0x0000000000000000      0x4ff
 .debug_abbrev  0x0000000000000000       0xd1 ./MotorDriver.o
 .debug_abbrev  0x00000000000000d1      0x11c ./cr_startup_lpc11u.o
 .debug_abbrev  0x00000000000001ed       0x9a ./main.o
 .debug_abbrev  0x0000000000000287      0x165 ./timers.o
 .debug_abbrev  0x00000000000003ec      0x113 /Users/vartan/LPCXpresso/workspace/CMSISv2p00_LPC11Uxx/Debug/libCMSISv2p00_LPC11Uxx.a(system_LPC11Uxx.o)

.debug_aranges  0x0000000000000000      0x100
 .debug_aranges
                0x0000000000000000       0x28 ./MotorDriver.o
 .debug_aranges
                0x0000000000000028       0x60 ./cr_startup_lpc11u.o
 .debug_aranges
                0x0000000000000088       0x20 ./main.o
 .debug_aranges
                0x00000000000000a8       0x30 ./timers.o
 .debug_aranges
                0x00000000000000d8       0x28 /Users/vartan/LPCXpresso/workspace/CMSISv2p00_LPC11Uxx/Debug/libCMSISv2p00_LPC11Uxx.a(system_LPC11Uxx.o)

.debug_ranges   0x0000000000000000       0xb0
 .debug_ranges  0x0000000000000000       0x18 ./MotorDriver.o
 .debug_ranges  0x0000000000000018       0x50 ./cr_startup_lpc11u.o
 .debug_ranges  0x0000000000000068       0x10 ./main.o
 .debug_ranges  0x0000000000000078       0x20 ./timers.o
 .debug_ranges  0x0000000000000098       0x18 /Users/vartan/LPCXpresso/workspace/CMSISv2p00_LPC11Uxx/Debug/libCMSISv2p00_LPC11Uxx.a(system_LPC11Uxx.o)

.debug_macro    0x0000000000000000     0x2760
 .debug_macro   0x0000000000000000       0x57 ./MotorDriver.o
 .debug_macro   0x0000000000000057      0x832 ./MotorDriver.o
 .debug_macro   0x0000000000000889       0x10 ./MotorDriver.o
 .debug_macro   0x0000000000000899      0x12d ./MotorDriver.o
 .debug_macro   0x00000000000009c6      0x5b2 ./MotorDriver.o
 .debug_macro   0x0000000000000f78       0x22 ./MotorDriver.o
 .debug_macro   0x0000000000000f9a       0x10 ./MotorDriver.o
 .debug_macro   0x0000000000000faa       0x10 ./MotorDriver.o
 .debug_macro   0x0000000000000fba       0x52 ./cr_startup_lpc11u.o
 .debug_macro   0x000000000000100c      0x838 ./cr_startup_lpc11u.o
 .debug_macro   0x0000000000001844       0x89 ./main.o
 .debug_macro   0x00000000000018cd       0x1c ./main.o
 .debug_macro   0x00000000000018e9       0x2e ./main.o
 .debug_macro   0x0000000000001917      0x237 ./main.o
 .debug_macro   0x0000000000001b4e      0x10e ./main.o
 .debug_macro   0x0000000000001c5c       0x91 ./timers.o
 .debug_macro   0x0000000000001ced      0x117 /Users/vartan/LPCXpresso/workspace/CMSISv2p00_LPC11Uxx/Debug/libCMSISv2p00_LPC11Uxx.a(system_LPC11Uxx.o)
 .debug_macro   0x0000000000001e04      0x832 /Users/vartan/LPCXpresso/workspace/CMSISv2p00_LPC11Uxx/Debug/libCMSISv2p00_LPC11Uxx.a(system_LPC11Uxx.o)
 .debug_macro   0x0000000000002636       0x1c /Users/vartan/LPCXpresso/workspace/CMSISv2p00_LPC11Uxx/Debug/libCMSISv2p00_LPC11Uxx.a(system_LPC11Uxx.o)
 .debug_macro   0x0000000000002652      0x10e /Users/vartan/LPCXpresso/workspace/CMSISv2p00_LPC11Uxx/Debug/libCMSISv2p00_LPC11Uxx.a(system_LPC11Uxx.o)

.debug_line     0x0000000000000000      0x8c3
 .debug_line    0x0000000000000000      0x162 ./MotorDriver.o
 .debug_line    0x0000000000000162      0x1c8 ./cr_startup_lpc11u.o
 .debug_line    0x000000000000032a      0x1b5 ./main.o
 .debug_line    0x00000000000004df      0x1ef ./timers.o
 .debug_line    0x00000000000006ce      0x1f5 /Users/vartan/LPCXpresso/workspace/CMSISv2p00_LPC11Uxx/Debug/libCMSISv2p00_LPC11Uxx.a(system_LPC11Uxx.o)

.debug_str      0x0000000000000000     0x5b48
 .debug_str     0x0000000000000000     0x3bb2 ./MotorDriver.o
                                       0x3c3f (size before relaxing)
 .debug_str     0x0000000000003bb2      0x273 ./cr_startup_lpc11u.o
                                       0x3c6e (size before relaxing)
 .debug_str     0x0000000000003e25     0x1421 ./main.o
                                       0x4f72 (size before relaxing)
 .debug_str     0x0000000000005246      0x4f7 ./timers.o
                                       0x5492 (size before relaxing)
 .debug_str     0x000000000000573d      0x40b /Users/vartan/LPCXpresso/workspace/CMSISv2p00_LPC11Uxx/Debug/libCMSISv2p00_LPC11Uxx.a(system_LPC11Uxx.o)
                                       0x5457 (size before relaxing)

.comment        0x0000000000000000       0x70
 .comment       0x0000000000000000       0x70 ./MotorDriver.o
                                         0x71 (size before relaxing)
 .comment       0x0000000000000000       0x71 ./cr_startup_lpc11u.o
 .comment       0x0000000000000000       0x71 ./main.o
 .comment       0x0000000000000000       0x71 ./timers.o
 .comment       0x0000000000000000       0x71 /Users/vartan/LPCXpresso/workspace/CMSISv2p00_LPC11Uxx/Debug/libCMSISv2p00_LPC11Uxx.a(system_LPC11Uxx.o)
 .comment       0x0000000000000000       0x71 /Applications/lpcxpresso_7.6.2_326/lpcxpresso/tools/bin/../lib/gcc/arm-none-eabi/4.9.3/../../../../arm-none-eabi/lib/armv6-m/libcr_c.a(__weak__main.o)

.ARM.attributes
                0x0000000000000000       0x2f
 .ARM.attributes
                0x0000000000000000       0x31 ./MotorDriver.o
 .ARM.attributes
                0x0000000000000031       0x31 ./cr_startup_lpc11u.o
 .ARM.attributes
                0x0000000000000062       0x31 ./main.o
 .ARM.attributes
                0x0000000000000093       0x31 ./timers.o
 .ARM.attributes
                0x00000000000000c4       0x31 /Users/vartan/LPCXpresso/workspace/CMSISv2p00_LPC11Uxx/Debug/libCMSISv2p00_LPC11Uxx.a(system_LPC11Uxx.o)
 .ARM.attributes
                0x00000000000000f5       0x31 /Applications/lpcxpresso_7.6.2_326/lpcxpresso/tools/bin/../lib/gcc/arm-none-eabi/4.9.3/../../../../arm-none-eabi/lib/armv6-m/libcr_c.a(__weak__main.o)

.debug_frame    0x0000000000000000      0x1e4
 .debug_frame   0x0000000000000000       0x50 ./MotorDriver.o
 .debug_frame   0x0000000000000050       0xb0 ./cr_startup_lpc11u.o
 .debug_frame   0x0000000000000100       0x30 ./main.o
 .debug_frame   0x0000000000000130       0x68 ./timers.o
 .debug_frame   0x0000000000000198       0x4c /Users/vartan/LPCXpresso/workspace/CMSISv2p00_LPC11Uxx/Debug/libCMSISv2p00_LPC11Uxx.a(system_LPC11Uxx.o)

.debug_loc      0x0000000000000000      0x1fb
 .debug_loc     0x0000000000000000      0x1a4 ./cr_startup_lpc11u.o
 .debug_loc     0x00000000000001a4       0x57 /Users/vartan/LPCXpresso/workspace/CMSISv2p00_LPC11Uxx/Debug/libCMSISv2p00_LPC11Uxx.a(system_LPC11Uxx.o)
